Copyright 1986-2018 Xilinx, Inc. All Rights Reserved.
------------------------------------------------------------------------------------
| Tool Version : Vivado v.2018.1 (win64) Build 2188600 Wed Apr  4 18:40:38 MDT 2018
| Date         : Tue May  1 11:05:24 2018
| Host         : JFW1702-WS running 64-bit major release  (build 9200)
| Command      : report_control_sets -verbose -file main_control_sets_placed.rpt
| Design       : main
| Device       : xc7z020
------------------------------------------------------------------------------------

Control Set Information

Table of Contents
-----------------
1. Summary
2. Histogram
3. Flip-Flop Distribution
4. Detailed Control Set Information

1. Summary
----------

+----------------------------------------------------------+-------+
|                          Status                          | Count |
+----------------------------------------------------------+-------+
| Number of unique control sets                            |    18 |
| Unused register locations in slices containing registers |    92 |
+----------------------------------------------------------+-------+


2. Histogram
------------

+--------+--------------+
| Fanout | Control Sets |
+--------+--------------+
|      1 |            6 |
|      3 |            1 |
|      5 |            1 |
|     10 |            2 |
|     12 |            3 |
|     13 |            1 |
|    16+ |            4 |
+--------+--------------+


3. Flip-Flop Distribution
-------------------------

+--------------+-----------------------+------------------------+-----------------+--------------+
| Clock Enable | Synchronous Set/Reset | Asynchronous Set/Reset | Total Registers | Total Slices |
+--------------+-----------------------+------------------------+-----------------+--------------+
| No           | No                    | No                     |              79 |           40 |
| No           | No                    | Yes                    |               0 |            0 |
| No           | Yes                   | No                     |              65 |           20 |
| Yes          | No                    | No                     |              38 |           12 |
| Yes          | No                    | Yes                    |               0 |            0 |
| Yes          | Yes                   | No                     |              22 |            5 |
+--------------+-----------------------+------------------------+-----------------+--------------+


4. Detailed Control Set Information
-----------------------------------

+--------------------------+------------------------+--------------------------+------------------+----------------+
|       Clock Signal       |      Enable Signal     |     Set/Reset Signal     | Slice Load Count | Bel Load Count |
+--------------------------+------------------------+--------------------------+------------------+----------------+
|  disp/frameLeftEn_reg/G0 |                        |                          |                1 |              1 |
|  GCLK_IBUF_BUFG          | writeAddress           |                          |                1 |              1 |
| ~vga/frameSel15_out      |                        | vga/frameSel15_out       |                1 |              1 |
|  pixel_clk               |                        | vga/HS0                  |                1 |              1 |
|  pixel_clk               |                        | vga/VS0                  |                1 |              1 |
|  disp/textEn_reg/G0      |                        |                          |                1 |              1 |
|  pixel_clk               |                        |                          |                3 |              3 |
|  GCLK_IBUF_BUFG          | state                  |                          |                2 |              5 |
|  pixel_clk               |                        | vga/vcounter             |                3 |             10 |
|  pixel_clk               | vga/vcounter           | vga/vcounter[10]_i_1_n_0 |                3 |             10 |
|  GCLK_IBUF_BUFG          | writeAddress           | vga/writeAddress_reg[12] |                2 |             12 |
|  vga/frameLeftEn1        |                        |                          |                5 |             12 |
|  vga/E[0]                |                        |                          |                8 |             12 |
| ~vga/frameLeftEn1        |                        |                          |                5 |             13 |
|  GCLK_IBUF_BUFG          |                        | disp/counter[26]_i_1_n_0 |                7 |             26 |
|  GCLK_IBUF_BUFG          |                        | counter[26]_i_1__0_n_0   |                7 |             26 |
|  GCLK_IBUF_BUFG          | counter[26]_i_1__0_n_0 |                          |                9 |             32 |
|  GCLK_IBUF_BUFG          |                        |                          |               17 |             37 |
+--------------------------+------------------------+--------------------------+------------------+----------------+


