Copyright 1986-2018 Xilinx, Inc. All Rights Reserved.
----------------------------------------------------------------------------------------------------------------------------------
| Tool Version     : Vivado v.2018.1 (win64) Build 2188600 Wed Apr  4 18:40:38 MDT 2018
| Date             : Tue May  1 11:06:00 2018
| Host             : JFW1702-WS running 64-bit major release  (build 9200)
| Command          : report_power -file main_power_routed.rpt -pb main_power_summary_routed.pb -rpx main_power_routed.rpx
| Design           : main
| Device           : xc7z020clg484-1
| Design State     : routed
| Grade            : commercial
| Process          : typical
| Characterization : Production
----------------------------------------------------------------------------------------------------------------------------------

Power Report

Table of Contents
-----------------
1. Summary
1.1 On-Chip Components
1.2 Power Supply Summary
1.3 Confidence Level
2. Settings
2.1 Environment
2.2 Clock Constraints
3. Detailed Reports
3.1 By Hierarchy

1. Summary
----------

+--------------------------+----------------------------------+
| Total On-Chip Power (W)  | 17.819 (Junction temp exceeded!) |
| Design Power Budget (W)  | Unspecified*                     |
| Power Budget Margin (W)  | NA                               |
| Dynamic (W)              | 16.617                           |
| Device Static (W)        | 1.201                            |
| Effective TJA (C/W)      | 11.5                             |
| Max Ambient (C)          | 0.0                              |
| Junction Temperature (C) | 125.0                            |
| Confidence Level         | Low                              |
| Setting File             | ---                              |
| Simulation Activity File | ---                              |
| Design Nets Matched      | NA                               |
+--------------------------+----------------------------------+
* Specify Design Power Budget using, set_operating_conditions -design_power_budget <value in Watts>


1.1 On-Chip Components
----------------------

+----------------+-----------+----------+-----------+-----------------+
| On-Chip        | Power (W) | Used     | Available | Utilization (%) |
+----------------+-----------+----------+-----------+-----------------+
| Slice Logic    |     1.808 |     2772 |       --- |             --- |
|   LUT as Logic |     1.578 |     1855 |     53200 |            3.49 |
|   F7/F8 Muxes  |     0.115 |      110 |     53200 |            0.21 |
|   CARRY4       |     0.074 |      154 |     13300 |            1.16 |
|   Register     |     0.035 |      204 |    106400 |            0.19 |
|   BUFG         |     0.006 |        1 |        32 |            3.13 |
|   Others       |     0.000 |      322 |       --- |             --- |
| Signals        |     4.760 |     3338 |       --- |             --- |
| Block RAM      |     9.867 |       92 |       140 |           65.71 |
| DSPs           |     0.145 |        5 |       220 |            2.27 |
| I/O            |     0.038 |       16 |       200 |            8.00 |
| Static Power   |     1.201 |          |           |                 |
| Total          |    17.819 |          |           |                 |
+----------------+-----------+----------+-----------+-----------------+


1.2 Power Supply Summary
------------------------

+-----------+-------------+-----------+-------------+------------+
| Source    | Voltage (V) | Total (A) | Dynamic (A) | Static (A) |
+-----------+-------------+-----------+-------------+------------+
| Vccint    |       1.000 |    16.063 |      15.707 |      0.355 |
| Vccaux    |       1.800 |     0.101 |       0.001 |      0.100 |
| Vcco33    |       3.300 |     0.011 |       0.010 |      0.001 |
| Vcco25    |       2.500 |     0.000 |       0.000 |      0.000 |
| Vcco18    |       1.800 |     0.000 |       0.000 |      0.000 |
| Vcco15    |       1.500 |     0.000 |       0.000 |      0.000 |
| Vcco135   |       1.350 |     0.000 |       0.000 |      0.000 |
| Vcco12    |       1.200 |     0.000 |       0.000 |      0.000 |
| Vccaux_io |       1.800 |     0.000 |       0.000 |      0.000 |
| Vccbram   |       1.000 |     1.006 |       0.876 |      0.130 |
| MGTAVcc   |       1.000 |     0.000 |       0.000 |      0.000 |
| MGTAVtt   |       1.200 |     0.000 |       0.000 |      0.000 |
| MGTVccaux |       1.800 |     0.000 |       0.000 |      0.000 |
| Vccpint   |       1.000 |     0.473 |       0.000 |      0.473 |
| Vccpaux   |       1.800 |     0.010 |       0.000 |      0.010 |
| Vccpll    |       1.800 |     0.003 |       0.000 |      0.003 |
| Vcco_ddr  |       1.500 |     0.000 |       0.000 |      0.000 |
| Vcco_mio0 |       1.800 |     0.000 |       0.000 |      0.000 |
| Vcco_mio1 |       1.800 |     0.000 |       0.000 |      0.000 |
| Vccadc    |       1.800 |     0.020 |       0.000 |      0.020 |
+-----------+-------------+-----------+-------------+------------+


1.3 Confidence Level
--------------------

+-----------------------------+------------+--------------------------------------------------------+--------------------------------------------------------------------------------------------------------------------+
| User Input Data             | Confidence | Details                                                | Action                                                                                                             |
+-----------------------------+------------+--------------------------------------------------------+--------------------------------------------------------------------------------------------------------------------+
| Design implementation state | High       | Design is routed                                       |                                                                                                                    |
| Clock nodes activity        | Low        | User specified less than 75% of clocks                 | Provide missing clock activity with a constraint file, simulation results or by editing the "By Clock Domain" view |
| I/O nodes activity          | Low        | More than 75% of inputs are missing user specification | Provide missing input activity with simulation results or by editing the "By Resource Type -> I/Os" view           |
| Internal nodes activity     | Medium     | User specified less than 25% of internal nodes         | Provide missing internal nodes activity with simulation results or by editing the "By Resource Type" views         |
| Device models               | High       | Device models are Production                           |                                                                                                                    |
|                             |            |                                                        |                                                                                                                    |
| Overall confidence level    | Low        |                                                        |                                                                                                                    |
+-----------------------------+------------+--------------------------------------------------------+--------------------------------------------------------------------------------------------------------------------+


2. Settings
-----------

2.1 Environment
---------------

+-----------------------+------------------------+
| Ambient Temp (C)      | 25.0                   |
| ThetaJA (C/W)         | 11.5                   |
| Airflow (LFM)         | 250                    |
| Heat Sink             | none                   |
| ThetaSA (C/W)         | 0.0                    |
| Board Selection       | medium (10"x10")       |
| # of Board Layers     | 8to11 (8 to 11 Layers) |
| Board Temperature (C) | 25.0                   |
+-----------------------+------------------------+


2.2 Clock Constraints
---------------------

+-------+--------+-----------------+
| Clock | Domain | Constraint (ns) |
+-------+--------+-----------------+


3. Detailed Reports
-------------------

3.1 By Hierarchy
----------------

+------------------------------------------------+-----------+
| Name                                           | Power (W) |
+------------------------------------------------+-----------+
| main                                           |    16.617 |
|   disp                                         |     1.681 |
|     frameLeftEn_reg                            |    <0.001 |
|     textEn_reg                                 |    <0.001 |
|   mem                                          |    12.983 |
|     frame0                                     |     2.103 |
|       U0                                       |     2.103 |
|         inst_blk_mem_gen                       |     2.103 |
|           gnbram.gnativebmg.native_blk_mem_gen |     2.103 |
|             valid.cstr                         |     2.103 |
|               bindec_a.bindec_inst_a           |     0.000 |
|               bindec_b.bindec_inst_b           |    <0.001 |
|               has_mux_b.B                      |     0.231 |
|               ramloop[0].ram.r                 |     0.057 |
|                 prim_init.ram                  |     0.057 |
|               ramloop[10].ram.r                |     0.002 |
|                 prim_init.ram                  |     0.002 |
|               ramloop[11].ram.r                |     0.132 |
|                 prim_init.ram                  |     0.132 |
|               ramloop[12].ram.r                |     0.122 |
|                 prim_init.ram                  |     0.122 |
|               ramloop[13].ram.r                |     0.129 |
|                 prim_init.ram                  |     0.129 |
|               ramloop[14].ram.r                |     0.123 |
|                 prim_init.ram                  |     0.123 |
|               ramloop[15].ram.r                |     0.002 |
|                 prim_init.ram                  |     0.002 |
|               ramloop[16].ram.r                |     0.137 |
|                 prim_init.ram                  |     0.137 |
|               ramloop[17].ram.r                |     0.122 |
|                 prim_init.ram                  |     0.122 |
|               ramloop[18].ram.r                |     0.135 |
|                 prim_init.ram                  |     0.135 |
|               ramloop[1].ram.r                 |     0.123 |
|                 prim_init.ram                  |     0.123 |
|               ramloop[2].ram.r                 |    <0.001 |
|                 prim_init.ram                  |    <0.001 |
|               ramloop[3].ram.r                 |     0.126 |
|                 prim_init.ram                  |     0.126 |
|               ramloop[4].ram.r                 |     0.129 |
|                 prim_init.ram                  |     0.129 |
|               ramloop[5].ram.r                 |     0.002 |
|                 prim_init.ram                  |     0.002 |
|               ramloop[6].ram.r                 |     0.125 |
|                 prim_init.ram                  |     0.125 |
|               ramloop[7].ram.r                 |     0.135 |
|                 prim_init.ram                  |     0.135 |
|               ramloop[8].ram.r                 |     0.134 |
|                 prim_init.ram                  |     0.134 |
|               ramloop[9].ram.r                 |     0.137 |
|                 prim_init.ram                  |     0.137 |
|     frame1                                     |     2.146 |
|       U0                                       |     2.146 |
|         inst_blk_mem_gen                       |     2.146 |
|           gnbram.gnativebmg.native_blk_mem_gen |     2.146 |
|             valid.cstr                         |     2.146 |
|               bindec_a.bindec_inst_a           |     0.000 |
|               bindec_b.bindec_inst_b           |    <0.001 |
|               has_mux_b.B                      |     0.251 |
|               ramloop[0].ram.r                 |     0.058 |
|                 prim_init.ram                  |     0.058 |
|               ramloop[10].ram.r                |     0.002 |
|                 prim_init.ram                  |     0.002 |
|               ramloop[11].ram.r                |     0.134 |
|                 prim_init.ram                  |     0.134 |
|               ramloop[12].ram.r                |     0.126 |
|                 prim_init.ram                  |     0.126 |
|               ramloop[13].ram.r                |     0.130 |
|                 prim_init.ram                  |     0.130 |
|               ramloop[14].ram.r                |     0.139 |
|                 prim_init.ram                  |     0.139 |
|               ramloop[15].ram.r                |     0.002 |
|                 prim_init.ram                  |     0.002 |
|               ramloop[16].ram.r                |     0.134 |
|                 prim_init.ram                  |     0.134 |
|               ramloop[17].ram.r                |     0.138 |
|                 prim_init.ram                  |     0.138 |
|               ramloop[18].ram.r                |     0.134 |
|                 prim_init.ram                  |     0.134 |
|               ramloop[1].ram.r                 |     0.124 |
|                 prim_init.ram                  |     0.124 |
|               ramloop[2].ram.r                 |    <0.001 |
|                 prim_init.ram                  |    <0.001 |
|               ramloop[3].ram.r                 |     0.121 |
|                 prim_init.ram                  |     0.121 |
|               ramloop[4].ram.r                 |     0.134 |
|                 prim_init.ram                  |     0.134 |
|               ramloop[5].ram.r                 |     0.002 |
|                 prim_init.ram                  |     0.002 |
|               ramloop[6].ram.r                 |     0.128 |
|                 prim_init.ram                  |     0.128 |
|               ramloop[7].ram.r                 |     0.128 |
|                 prim_init.ram                  |     0.128 |
|               ramloop[8].ram.r                 |     0.131 |
|                 prim_init.ram                  |     0.131 |
|               ramloop[9].ram.r                 |     0.128 |
|                 prim_init.ram                  |     0.128 |
|     frame2                                     |     2.125 |
|       U0                                       |     2.125 |
|         inst_blk_mem_gen                       |     2.125 |
|           gnbram.gnativebmg.native_blk_mem_gen |     2.125 |
|             valid.cstr                         |     2.125 |
|               bindec_a.bindec_inst_a           |     0.000 |
|               bindec_b.bindec_inst_b           |    <0.001 |
|               has_mux_b.B                      |     0.247 |
|               ramloop[0].ram.r                 |     0.060 |
|                 prim_init.ram                  |     0.060 |
|               ramloop[10].ram.r                |     0.002 |
|                 prim_init.ram                  |     0.002 |
|               ramloop[11].ram.r                |     0.124 |
|                 prim_init.ram                  |     0.124 |
|               ramloop[12].ram.r                |     0.130 |
|                 prim_init.ram                  |     0.130 |
|               ramloop[13].ram.r                |     0.128 |
|                 prim_init.ram                  |     0.128 |
|               ramloop[14].ram.r                |     0.131 |
|                 prim_init.ram                  |     0.131 |
|               ramloop[15].ram.r                |     0.002 |
|                 prim_init.ram                  |     0.002 |
|               ramloop[16].ram.r                |     0.122 |
|                 prim_init.ram                  |     0.122 |
|               ramloop[17].ram.r                |     0.134 |
|                 prim_init.ram                  |     0.134 |
|               ramloop[18].ram.r                |     0.139 |
|                 prim_init.ram                  |     0.139 |
|               ramloop[1].ram.r                 |     0.122 |
|                 prim_init.ram                  |     0.122 |
|               ramloop[2].ram.r                 |    <0.001 |
|                 prim_init.ram                  |    <0.001 |
|               ramloop[3].ram.r                 |     0.125 |
|                 prim_init.ram                  |     0.125 |
|               ramloop[4].ram.r                 |     0.124 |
|                 prim_init.ram                  |     0.124 |
|               ramloop[5].ram.r                 |     0.002 |
|                 prim_init.ram                  |     0.002 |
|               ramloop[6].ram.r                 |     0.124 |
|                 prim_init.ram                  |     0.124 |
|               ramloop[7].ram.r                 |     0.137 |
|                 prim_init.ram                  |     0.137 |
|               ramloop[8].ram.r                 |     0.132 |
|                 prim_init.ram                  |     0.132 |
|               ramloop[9].ram.r                 |     0.138 |
|                 prim_init.ram                  |     0.138 |
|     outFrame                                   |     3.644 |
|       U0                                       |     3.644 |
|         inst_blk_mem_gen                       |     3.644 |
|           gnbram.gnativebmg.native_blk_mem_gen |     3.644 |
|             valid.cstr                         |     3.644 |
|               bindec_a.bindec_inst_a           |     0.001 |
|               bindec_b.bindec_inst_b           |    <0.001 |
|               has_mux_b.B                      |     0.327 |
|               ramloop[0].ram.r                 |     0.108 |
|                 prim_init.ram                  |     0.108 |
|               ramloop[10].ram.r                |     0.003 |
|                 prim_init.ram                  |     0.003 |
|               ramloop[11].ram.r                |     0.230 |
|                 prim_init.ram                  |     0.230 |
|               ramloop[12].ram.r                |     0.227 |
|                 prim_init.ram                  |     0.227 |
|               ramloop[13].ram.r                |     0.230 |
|                 prim_init.ram                  |     0.230 |
|               ramloop[14].ram.r                |     0.231 |
|                 prim_init.ram                  |     0.231 |
|               ramloop[15].ram.r                |     0.003 |
|                 prim_init.ram                  |     0.003 |
|               ramloop[16].ram.r                |     0.221 |
|                 prim_init.ram                  |     0.221 |
|               ramloop[17].ram.r                |     0.231 |
|                 prim_init.ram                  |     0.231 |
|               ramloop[18].ram.r                |     0.230 |
|                 prim_init.ram                  |     0.230 |
|               ramloop[1].ram.r                 |     0.224 |
|                 prim_init.ram                  |     0.224 |
|               ramloop[2].ram.r                 |     0.002 |
|                 prim_init.ram                  |     0.002 |
|               ramloop[3].ram.r                 |     0.230 |
|                 prim_init.ram                  |     0.230 |
|               ramloop[4].ram.r                 |     0.240 |
|                 prim_init.ram                  |     0.240 |
|               ramloop[5].ram.r                 |     0.003 |
|                 prim_init.ram                  |     0.003 |
|               ramloop[6].ram.r                 |     0.228 |
|                 prim_init.ram                  |     0.228 |
|               ramloop[7].ram.r                 |     0.223 |
|                 prim_init.ram                  |     0.223 |
|               ramloop[8].ram.r                 |     0.229 |
|                 prim_init.ram                  |     0.229 |
|               ramloop[9].ram.r                 |     0.221 |
|                 prim_init.ram                  |     0.221 |
|     refFrame                                   |     2.307 |
|       U0                                       |     2.307 |
|         inst_blk_mem_gen                       |     2.307 |
|           gnbram.gnativebmg.native_blk_mem_gen |     2.307 |
|             valid.cstr                         |     2.307 |
|               bindec_a.bindec_inst_a           |     0.000 |
|               bindec_b.bindec_inst_b           |    <0.001 |
|               has_mux_b.B                      |     0.230 |
|               ramloop[0].ram.r                 |     0.136 |
|                 prim_init.ram                  |     0.136 |
|               ramloop[10].ram.r                |     0.132 |
|                 prim_init.ram                  |     0.132 |
|               ramloop[11].ram.r                |     0.002 |
|                 prim_init.ram                  |     0.002 |
|               ramloop[12].ram.r                |     0.129 |
|                 prim_init.ram                  |     0.129 |
|               ramloop[13].ram.r                |     0.132 |
|                 prim_init.ram                  |     0.132 |
|               ramloop[14].ram.r                |     0.133 |
|                 prim_init.ram                  |     0.133 |
|               ramloop[15].ram.r                |     0.129 |
|                 prim_init.ram                  |     0.129 |
|               ramloop[16].ram.r                |     0.002 |
|                 prim_init.ram                  |     0.002 |
|               ramloop[17].ram.r                |     0.124 |
|                 prim_init.ram                  |     0.124 |
|               ramloop[18].ram.r                |     0.130 |
|                 prim_init.ram                  |     0.130 |
|               ramloop[19].ram.r                |     0.128 |
|                 prim_init.ram                  |     0.128 |
|               ramloop[1].ram.r                 |     0.002 |
|                 prim_init.ram                  |     0.002 |
|               ramloop[2].ram.r                 |     0.130 |
|                 prim_init.ram                  |     0.130 |
|               ramloop[3].ram.r                 |     0.123 |
|                 prim_init.ram                  |     0.123 |
|               ramloop[4].ram.r                 |     0.128 |
|                 prim_init.ram                  |     0.128 |
|               ramloop[5].ram.r                 |     0.125 |
|                 prim_init.ram                  |     0.125 |
|               ramloop[6].ram.r                 |     0.002 |
|                 prim_init.ram                  |     0.002 |
|               ramloop[7].ram.r                 |     0.128 |
|                 prim_init.ram                  |     0.128 |
|               ramloop[8].ram.r                 |     0.131 |
|                 prim_init.ram                  |     0.131 |
|               ramloop[9].ram.r                 |     0.132 |
|                 prim_init.ram                  |     0.132 |
|   vga                                          |     0.944 |
+------------------------------------------------+-----------+


